// Jest Snapshot v1, https://goo.gl/fbAQLP

exports[`getRepos Saga should call the stringLoadingError action if the response errors 1`] = `
Object {
  "@@redux-saga/IO": true,
  "combinator": false,
  "payload": Object {
    "args": Array [
      "http://localhost:3000/api/strlist",
    ],
    "context": null,
    "fn": [Function],
  },
  "type": "CALL",
}
`;

exports[`getRepos Saga should dispatch the stringsLoaded action if it requests the data successfully 1`] = `
Object {
  "@@redux-saga/IO": true,
  "combinator": false,
  "payload": Object {
    "args": Array [
      "http://localhost:3000/api/strlist",
    ],
    "context": null,
    "fn": [Function],
  },
  "type": "CALL",
}
`;
